✓ Target tenant: Lycée Montaigne (cmp6rug7t0000w57oqchgkkb9)

===== STUDENT entity-fields (fiche + form) =====
categories (6): cat_info_generale: | cat_scolarite: | cat_services: | cat_autorisations: | cat_info_arabe: | cat_renseignements_pedagogiques:
fields (54):
  - prenom  [cat=cat_info_generale] [short_text] bound→childFirstName  "Prénom"
  - nom  [cat=cat_info_generale] [short_text] bound→childLastName  "Nom"
  - dars_student_code  [cat=cat_info_generale] [short_text]  "Code"
  - date_naissance  [cat=cat_info_generale] [date] bound→childDob  "Date de naissance"
  - pays_naissance  [cat=cat_info_generale] [short_text]  "Pays de naissance"
  - lieu_naissance  [cat=cat_info_generale] [short_text]  "Lieu de naissance"
  - nationalite  [cat=cat_info_generale] [select]  "Nationalité 1"
  - nationalite2  [cat=cat_info_generale] [select]  "Nationalité 2"
  - communaute_eleve  [cat=cat_info_generale] [select]  "Communauté"
  - numero_identite  [cat=cat_info_generale] [short_text]  "N° d'identité"
  - email_eleve  [cat=cat_info_generale] [email]  "Email"
  - email_college  [cat=cat_info_generale] [email]  "Email au collège"
  - portable_eleve  [cat=cat_info_generale] [phone]  "Portable"
  - etablissement  [cat=cat_scolarite] [establishment_ref] bound→establishment  "Établissement"
  - niveau  [cat=cat_scolarite] [niveau_for_establishment] bound→niveau  "Niveau"
  - date_inscription  [cat=cat_scolarite] [date]  "Date d'inscription"
  - date_entree  [cat=cat_scolarite] [date]  "Date d'entrée"
  - a_quitte  [cat=cat_scolarite] [yes_no]  "A quitté"
  - raison_depart  [cat=cat_scolarite] [short_text]  "Raison du départ"
  - raison_depart_detail  [cat=cat_scolarite] [long_text]  "Raison détaillée du départ"
  - date_depart  [cat=cat_scolarite] [date]  "Date de départ"
  - collations  [cat=cat_services] [yes_no]  "Collations"
  - repas_chaud  [cat=cat_services] [yes_no]  "Repas chaud"
  - autocar  [cat=cat_services] [yes_no]  "Transport (autocar)"
  - transport_aller  [cat=cat_services] [select]  "Aller"
  - transport_retour  [cat=cat_services] [select]  "Retour"
  - transport_adresse_diff  [cat=cat_services] [yes_no]  "Adresse de transport (différente du domicile)"
  - transport_caza  [cat=cat_services] [short_text]  "Transport — Caza"
  - transport_village  [cat=cat_services] [short_text]  "Transport — Village"
  - transport_rue  [cat=cat_services] [short_text]  "Transport — Rue"
  - transport_immeuble  [cat=cat_services] [short_text]  "Transport — Immeuble"
  - transport_etage  [cat=cat_services] [short_text]  "Transport — Étage"
  - transport_place  [cat=cat_services] [short_text]  "Transport — Place détails"
  - transport_remarque  [cat=cat_services] [long_text]  "Transport — Remarques"
  - quitter_seul  [cat=cat_autorisations] [yes_no]  "Autorisé à quitter seul"
  - auth_site  [cat=cat_autorisations] [yes_no]  "Autorisation Site Internet"
  - auth_livre  [cat=cat_autorisations] [yes_no]  "Autorisation Livre Souvenir"
  - auth_reseaux  [cat=cat_autorisations] [yes_no]  "Autorisation Réseaux Sociaux"
  - auth_radio  [cat=cat_autorisations] [yes_no]  "Autorisation Web Radio"
  - nom_prenom_ar  [cat=cat_info_arabe] [short_text]  "الاسم الكامل (Nom Prénom AR)"
  - lieu_naissance_ar  [cat=cat_info_arabe] [short_text]  "مكان الولادة (Lieu naissance AR)"
  - registerNum  [cat=cat_info_generale] [short_text]  "Registre"
  - arabe_langue  [cat=cat_renseignements_pedagogiques] [select]  "Arabe (CE2→3ème)"
  - lva  [cat=cat_renseignements_pedagogiques] [select]  "LVA"
  - lvb  [cat=cat_renseignements_pedagogiques] [select]  "LVB"
  - lvc  [cat=cat_renseignements_pedagogiques] [select]  "LVC (option)"
  - specialites  [cat=cat_renseignements_pedagogiques] [short_text]  "Spécialités (1ère/Tle)"
  - opt_arts_plastiques  [cat=cat_renseignements_pedagogiques] [yes_no]  "Arts plastiques"
  - opt_section_internationale  [cat=cat_renseignements_pedagogiques] [yes_no]  "Section internationale (SI)"
  - opt_bfi  [cat=cat_renseignements_pedagogiques] [yes_no]  "BFI"
  - comp_libanais_physique  [cat=cat_renseignements_pedagogiques] [yes_no]  "Complément libanais – Physique"
  - maths_complementaire  [cat=cat_renseignements_pedagogiques] [yes_no]  "Maths complémentaire"
  - maths_expertes  [cat=cat_renseignements_pedagogiques] [yes_no]  "Maths expertes"
  - comp_libanais_physique_svt  [cat=cat_renseignements_pedagogiques] [yes_no]  "Complément libanais – Physique + SVT"

===== PARENT entity-fields (fiche + form) =====
categories (5): cat_info_generale: | cat_contact: | cat_professionnel: | cat_adresse: | cat_info_arabe:
fields (38):
  - prenom  [cat=cat_info_generale] [short_text] user→firstName  "Prénom"
  - nom  [cat=cat_info_generale] [short_text] user→lastName  "Nom"
  - situation_famille  [cat=cat_info_generale] [select]  "Situation"
  - decede  [cat=cat_info_generale] [yes_no]  "Décédé(e)"
  - second_mariage  [cat=cat_info_generale] [yes_no]  "Second mariage"
  - actuel  [cat=cat_info_generale] [yes_no]  "Actuel(le)"
  - ancien_eleve  [cat=cat_info_generale] [yes_no]  "Ancien(ne) élève"
  - numero_registre  [cat=cat_info_generale] [short_text]  "Registre"
  - nationalite1  [cat=cat_info_generale] [select]  "Nationalité 1"
  - nationalite2  [cat=cat_info_generale] [select]  "Nationalité 2"
  - communaute  [cat=cat_info_generale] [select]  "Communauté"
  - type_famille  [cat=cat_info_generale] [select]  "Type famille"
  - email  [cat=cat_contact] [email] user→email  "Email"
  - portable  [cat=cat_contact] [phone]  "Portable"
  - telephones  [cat=cat_contact] [long_text]  "Téléphones (liste)"
  - statut_travail  [cat=cat_professionnel] [select]  "Statut de travail"
  - secteur_activite  [cat=cat_professionnel] [short_text]  "Secteur d'activités"
  - profession  [cat=cat_professionnel] [select]  "Profession"
  - profession_detail  [cat=cat_professionnel] [short_text]  "Détail profession"
  - position  [cat=cat_professionnel] [short_text]  "Position"
  - societe  [cat=cat_professionnel] [short_text]  "Société"
  - adresse_travail  [cat=cat_professionnel] [short_text]  "Adresse du travail"
  - adresse_rue  [cat=cat_adresse] [short_text]  "Rue"
  - adresse_immeuble  [cat=cat_adresse] [short_text]  "Immeuble"
  - adresse_etage  [cat=cat_adresse] [short_text]  "Étage"
  - adresse_qaza  [cat=cat_adresse] [short_text]  "Qaza"
  - adresse_village  [cat=cat_adresse] [short_text]  "Village"
  - adresse_place  [cat=cat_adresse] [short_text]  "Place details"
  - adresse_bp  [cat=cat_adresse] [short_text]  "Boîte postale"
  - adresse_remarque  [cat=cat_adresse] [long_text]  "Remarque"
  - nom_ar  [cat=cat_info_arabe] [short_text]  "الشهرة (Nom AR)"
  - prenom_ar  [cat=cat_info_arabe] [short_text]  "الاسم (Prénom AR)"
  - nom_pere_ar  [cat=cat_info_arabe] [short_text]  "اسم الأب (Nom du père AR)"
  - lieu_registre  [cat=cat_info_arabe] [short_text]  "مكان القيد (Lieu du registre)"
  - caza_registre  [cat=cat_info_arabe] [short_text]  "قضاء القيد (Caza du registre)"
  - adresse_rue_ar  [cat=cat_info_arabe] [short_text]  "الشارع (Rue AR)"
  - adresse_immeuble_ar  [cat=cat_info_arabe] [short_text]  "المبنى (Immeuble AR)"
  - adresse_place_ar  [cat=cat_info_arabe] [short_text]  "تفاصيل (Place AR)"

===== inscriptionTabsConfig =====
{}
