✓ Target tenant: Lycée Montaigne (cmp6rug7t0000w57oqchgkkb9)
Active-year students: 1084

À mettre à jour: 52 élèves (service Transport ajouté: 27, retiré: 0)
   • Khalil Talia: bus=Oui aller=Avec bus retour=Avec bus
   • MOUAWAD Mathéo: bus=Oui aller=Avec bus retour=Avec bus
   • ANTONIA Raphael: bus=Oui aller=Avec bus retour=Avec bus
   • SARKIS Aiden: bus=Oui aller=Avec bus retour=Avec bus
   • Khoury (El) Helene: bus=Oui aller=Avec bus retour=Avec bus
   • BAAKLINI Elie: bus=Oui aller=Avec bus retour=Avec bus
   • Bou Dib Kyle: bus=Oui aller=Avec bus retour=Avec bus
   • JABBOUR Marc: bus=Oui aller=Avec parent retour=Avec bus
   • NASSIF Joseph: bus=Oui aller=Avec bus retour=Avec parent
   • NEMER Théa: bus=Oui aller=Avec parent retour=Avec bus
   • JAMATI Alexandre Mattéo: bus=Oui aller=Avec bus retour=Avec bus
   • Khoury (El) Sophie: bus=Oui aller=Avec bus retour=Avec bus
   • KAMAL Alex: bus=Oui aller=Avec bus retour=Avec bus
   • ABOU AOUN Georges: bus=Oui aller=Avec bus retour=Avec bus
   • KAHI (EL) Karl: bus=Oui aller=Avec parent retour=Avec bus
   … +37
✓ Dossiers alignés: 52 élèves.
