✓ Target tenant: Lycée Montaigne (cmp6rug7t0000w57oqchgkkb9)
Fichier tarif: 460 élèves
Appariés par code: 460 · non trouvés: 0
Sens conservés (hors fichier = activité): matin 16 · soir 27

À mettre à jour: 460
   • ABBOUD Ghady: AS 9 + RS 15 · Z1 · Beit Misk · net 280$
   • ABDALLAH Emma: AS 4 + RS 17 · Z9 · Adonis · net 225$ (-50%)
   • ABDEL SATER David,Anwar,Christian: AS 6 + RS 6 · Z1 · Bikfaya · net 280$
   • ABDEL SATER Sky,Maria,Christina: AS 6 + RS 6 · Z1 · Bikfaya · net 280$
   • ABDELNOUR Angelina: AS 1 + RS 8 · Z4 · Naccache · net 380$
   • ABDELNOUR Giovanni: AS 1 + RS 1 · Z4 · Naccache · net 380$
   • ABDELNOUR James: AS 1 + RS 1 · Z4 · Naccache · net 380$
   • ABDELNOUR Jason: AS 1 + RS 8 · Z4 · Naccache · net 380$
   • ABI HAILA Adriana: AS 13 + RS 13 · Z1 · Bikfaya · net 280$
   • ABI HAILA Ralph: AS 13 + RS 13 · Z1 · Bikfaya · net 280$
   • ABI HAILA Yann: AS 13 + RS 11 · Z1 · Bikfaya · net 280$
   • ABI RIZK Daladier: AS 22 + RS 19 · Z7 · Fanar · net 420$
   … +448
  100/460
  200/460
  300/460
  400/460
✓ Tarifs/affectations appliqués: 460 élèves.
